1787600766.022715 client started (690616): version 3.6a, socket /run/user/1000/tmux-1000/default, protocol 8
1787600766.022846 on Linux 6.18.36 #1-NixOS SMP PREEMPT_DYNAMIC Fri Jun 19 11:44:16 UTC 2026
1787600766.022866 using libevent 2.1.12-stable poll
1787600766.022887 using utf8proc 2.11.3
1787600766.022895 using ncurses 6.6 20251230
1787600766.022956 flags are 0x10010000
1787600766.022983 socket is /run/user/1000/tmux-1000/default
1787600766.023011 trying connect
1787600766.023095 add peer 0x61b8cc66f170: 6 ((nil))
1787600766.024397 sending message 111 to peer 0x61b8cc66f170 (8 bytes)
1787600766.024434 sending message 111 to peer 0x61b8cc66f170 (8 bytes)
1787600766.024444 sending message 101 to peer 0x61b8cc66f170 (14 bytes)
1787600766.024451 sending message 109 to peer 0x61b8cc66f170 (4 bytes)
1787600766.024457 sending message 102 to peer 0x61b8cc66f170 (11 bytes)
1787600766.024464 sending message 108 to peer 0x61b8cc66f170 (22 bytes)
1787600766.024470 sending message 112 to peer 0x61b8cc66f170 (70 bytes)
1787600766.024477 sending message 112 to peer 0x61b8cc66f170 (5 bytes)
1787600766.024502 sending message 112 to peer 0x61b8cc66f170 (5 bytes)
1787600766.024508 sending message 112 to peer 0x61b8cc66f170 (6 bytes)
1787600766.024649 sending message 112 to peer 0x61b8cc66f170 (6 bytes)
1787600766.024670 sending message 112 to peer 0x61b8cc66f170 (11 bytes)
1787600766.024678 sending message 112 to peer 0x61b8cc66f170 (10 bytes)
1787600766.024684 sending message 112 to peer 0x61b8cc66f170 (13 bytes)
1787600766.024691 sending message 112 to peer 0x61b8cc66f170 (13 bytes)
1787600766.024697 sending message 112 to peer 0x61b8cc66f170 (18 bytes)
1787600766.024704 sending message 112 to peer 0x61b8cc66f170 (11 bytes)
1787600766.024711 sending message 112 to peer 0x61b8cc66f170 (10 bytes)
1787600766.024717 sending message 112 to peer 0x61b8cc66f170 (15 bytes)
1787600766.024724 sending message 112 to peer 0x61b8cc66f170 (21 bytes)
1787600766.024730 sending message 112 to peer 0x61b8cc66f170 (13 bytes)
1787600766.024736 sending message 112 to peer 0x61b8cc66f170 (7 bytes)
1787600766.024743 sending message 112 to peer 0x61b8cc66f170 (13 bytes)
1787600766.024749 sending message 112 to peer 0x61b8cc66f170 (7 bytes)
1787600766.024755 sending message 112 to peer 0x61b8cc66f170 (13 bytes)
1787600766.024762 sending message 112 to peer 0x61b8cc66f170 (9 bytes)
1787600766.024769 sending message 112 to peer 0x61b8cc66f170 (21 bytes)
1787600766.024775 sending message 112 to peer 0x61b8cc66f170 (13 bytes)
1787600766.024782 sending message 112 to peer 0x61b8cc66f170 (8 bytes)
1787600766.024788 sending message 112 to peer 0x61b8cc66f170 (12 bytes)
1787600766.024816 sending message 112 to peer 0x61b8cc66f170 (13 bytes)
1787600766.024823 sending message 112 to peer 0x61b8cc66f170 (9 bytes)
1787600766.024829 sending message 112 to peer 0x61b8cc66f170 (9 bytes)
1787600766.024836 sending message 112 to peer 0x61b8cc66f170 (12 bytes)
1787600766.024842 sending message 112 to peer 0x61b8cc66f170 (8 bytes)
1787600766.024848 sending message 112 to peer 0x61b8cc66f170 (8 bytes)
1787600766.024855 sending message 112 to peer 0x61b8cc66f170 (7 bytes)
1787600766.024861 sending message 112 to peer 0x61b8cc66f170 (7 bytes)
1787600766.024867 sending message 112 to peer 0x61b8cc66f170 (9 bytes)
1787600766.024873 sending message 112 to peer 0x61b8cc66f170 (13 bytes)
1787600766.024880 sending message 112 to peer 0x61b8cc66f170 (6 bytes)
1787600766.024886 sending message 112 to peer 0x61b8cc66f170 (9 bytes)
1787600766.024892 sending message 112 to peer 0x61b8cc66f170 (15 bytes)
1787600766.024899 sending message 112 to peer 0x61b8cc66f170 (13 bytes)
1787600766.024905 sending message 112 to peer 0x61b8cc66f170 (12 bytes)
1787600766.024911 sending message 112 to peer 0x61b8cc66f170 (8 bytes)
1787600766.024918 sending message 112 to peer 0x61b8cc66f170 (14 bytes)
1787600766.024924 sending message 112 to peer 0x61b8cc66f170 (11 bytes)
1787600766.024930 sending message 112 to peer 0x61b8cc66f170 (9 bytes)
1787600766.024937 sending message 112 to peer 0x61b8cc66f170 (10 bytes)
1787600766.024960 sending message 112 to peer 0x61b8cc66f170 (10 bytes)
1787600766.024967 sending message 112 to peer 0x61b8cc66f170 (10 bytes)
1787600766.024973 sending message 112 to peer 0x61b8cc66f170 (10 bytes)
1787600766.024979 sending message 112 to peer 0x61b8cc66f170 (11 bytes)
1787600766.024986 sending message 112 to peer 0x61b8cc66f170 (12 bytes)
1787600766.024993 sending message 112 to peer 0x61b8cc66f170 (12 bytes)
1787600766.025004 sending message 112 to peer 0x61b8cc66f170 (12 bytes)
1787600766.025015 sending message 112 to peer 0x61b8cc66f170 (12 bytes)
1787600766.025024 sending message 112 to peer 0x61b8cc66f170 (12 bytes)
1787600766.025033 sending message 112 to peer 0x61b8cc66f170 (11 bytes)
1787600766.025043 sending message 112 to peer 0x61b8cc66f170 (11 bytes)
1787600766.025055 sending message 112 to peer 0x61b8cc66f170 (12 bytes)
1787600766.025066 sending message 112 to peer 0x61b8cc66f170 (12 bytes)
1787600766.025075 sending message 112 to peer 0x61b8cc66f170 (12 bytes)
1787600766.025085 sending message 112 to peer 0x61b8cc66f170 (12 bytes)
1787600766.025096 sending message 112 to peer 0x61b8cc66f170 (12 bytes)
1787600766.025107 sending message 112 to peer 0x61b8cc66f170 (10 bytes)
1787600766.025118 sending message 112 to peer 0x61b8cc66f170 (12 bytes)
1787600766.025130 sending message 112 to peer 0x61b8cc66f170 (13 bytes)
1787600766.025141 sending message 112 to peer 0x61b8cc66f170 (13 bytes)
1787600766.025153 sending message 112 to peer 0x61b8cc66f170 (13 bytes)
1787600766.025165 sending message 112 to peer 0x61b8cc66f170 (13 bytes)
1787600766.025177 sending message 112 to peer 0x61b8cc66f170 (13 bytes)
1787600766.025188 sending message 112 to peer 0x61b8cc66f170 (8 bytes)
1787600766.025199 sending message 112 to peer 0x61b8cc66f170 (11 bytes)
1787600766.025209 sending message 112 to peer 0x61b8cc66f170 (11 bytes)
1787600766.025217 sending message 112 to peer 0x61b8cc66f170 (11 bytes)
1787600766.025223 sending message 112 to peer 0x61b8cc66f170 (12 bytes)
1787600766.025230 sending message 112 to peer 0x61b8cc66f170 (12 bytes)
1787600766.025236 sending message 112 to peer 0x61b8cc66f170 (12 bytes)
1787600766.025242 sending message 112 to peer 0x61b8cc66f170 (12 bytes)
1787600766.025249 sending message 112 to peer 0x61b8cc66f170 (13 bytes)
1787600766.025256 sending message 112 to peer 0x61b8cc66f170 (13 bytes)
1787600766.025262 sending message 112 to peer 0x61b8cc66f170 (13 bytes)
1787600766.025269 sending message 112 to peer 0x61b8cc66f170 (8 bytes)
1787600766.025275 sending message 112 to peer 0x61b8cc66f170 (13 bytes)
1787600766.025282 sending message 112 to peer 0x61b8cc66f170 (13 bytes)
1787600766.025288 sending message 112 to peer 0x61b8cc66f170 (13 bytes)
1787600766.025295 sending message 112 to peer 0x61b8cc66f170 (13 bytes)
1787600766.025301 sending message 112 to peer 0x61b8cc66f170 (13 bytes)
1787600766.025308 sending message 112 to peer 0x61b8cc66f170 (12 bytes)
1787600766.025314 sending message 112 to peer 0x61b8cc66f170 (12 bytes)
1787600766.025321 sending message 112 to peer 0x61b8cc66f170 (12 bytes)
1787600766.025327 sending message 112 to peer 0x61b8cc66f170 (12 bytes)
1787600766.025334 sending message 112 to peer 0x61b8cc66f170 (13 bytes)
1787600766.025340 sending message 112 to peer 0x61b8cc66f170 (8 bytes)
1787600766.025347 sending message 112 to peer 0x61b8cc66f170 (13 bytes)
1787600766.025354 sending message 112 to peer 0x61b8cc66f170 (13 bytes)
1787600766.025360 sending message 112 to peer 0x61b8cc66f170 (13 bytes)
1787600766.025367 sending message 112 to peer 0x61b8cc66f170 (13 bytes)
1787600766.025373 sending message 112 to peer 0x61b8cc66f170 (13 bytes)
1787600766.025380 sending message 112 to peer 0x61b8cc66f170 (13 bytes)
1787600766.025386 sending message 112 to peer 0x61b8cc66f170 (13 bytes)
1787600766.025392 sending message 112 to peer 0x61b8cc66f170 (12 bytes)
1787600766.025398 sending message 112 to peer 0x61b8cc66f170 (12 bytes)
1787600766.025405 sending message 112 to peer 0x61b8cc66f170 (12 bytes)
1787600766.025412 sending message 112 to peer 0x61b8cc66f170 (8 bytes)
1787600766.025429 sending message 112 to peer 0x61b8cc66f170 (12 bytes)
1787600766.025436 sending message 112 to peer 0x61b8cc66f170 (13 bytes)
1787600766.025442 sending message 112 to peer 0x61b8cc66f170 (13 bytes)
1787600766.025449 sending message 112 to peer 0x61b8cc66f170 (13 bytes)
1787600766.025455 sending message 112 to peer 0x61b8cc66f170 (13 bytes)
1787600766.025462 sending message 112 to peer 0x61b8cc66f170 (13 bytes)
1787600766.025468 sending message 112 to peer 0x61b8cc66f170 (13 bytes)
1787600766.025475 sending message 112 to peer 0x61b8cc66f170 (13 bytes)
1787600766.025481 sending message 112 to peer 0x61b8cc66f170 (13 bytes)
1787600766.025487 sending message 112 to peer 0x61b8cc66f170 (12 bytes)
1787600766.025494 sending message 112 to peer 0x61b8cc66f170 (10 bytes)
1787600766.025500 sending message 112 to peer 0x61b8cc66f170 (12 bytes)
1787600766.025506 sending message 112 to peer 0x61b8cc66f170 (12 bytes)
1787600766.025554 sending message 112 to peer 0x61b8cc66f170 (12 bytes)
1787600766.025575 sending message 112 to peer 0x61b8cc66f170 (13 bytes)
1787600766.025581 sending message 112 to peer 0x61b8cc66f170 (13 bytes)
1787600766.025588 sending message 112 to peer 0x61b8cc66f170 (13 bytes)
1787600766.025594 sending message 112 to peer 0x61b8cc66f170 (13 bytes)
1787600766.025601 sending message 112 to peer 0x61b8cc66f170 (13 bytes)
1787600766.025607 sending message 112 to peer 0x61b8cc66f170 (13 bytes)
1787600766.025613 sending message 112 to peer 0x61b8cc66f170 (13 bytes)
1787600766.025620 sending message 112 to peer 0x61b8cc66f170 (10 bytes)
1787600766.025626 sending message 112 to peer 0x61b8cc66f170 (13 bytes)
1787600766.025633 sending message 112 to peer 0x61b8cc66f170 (12 bytes)
1787600766.025639 sending message 112 to peer 0x61b8cc66f170 (12 bytes)
1787600766.025645 sending message 112 to peer 0x61b8cc66f170 (12 bytes)
1787600766.025652 sending message 112 to peer 0x61b8cc66f170 (10 bytes)
1787600766.025658 sending message 112 to peer 0x61b8cc66f170 (10 bytes)
1787600766.025664 sending message 112 to peer 0x61b8cc66f170 (10 bytes)
1787600766.025671 sending message 112 to peer 0x61b8cc66f170 (12 bytes)
1787600766.025677 sending message 112 to peer 0x61b8cc66f170 (13 bytes)
1787600766.025683 sending message 112 to peer 0x61b8cc66f170 (13 bytes)
1787600766.025690 sending message 112 to peer 0x61b8cc66f170 (13 bytes)
1787600766.025696 sending message 112 to peer 0x61b8cc66f170 (13 bytes)
1787600766.025702 sending message 112 to peer 0x61b8cc66f170 (13 bytes)
1787600766.025709 sending message 112 to peer 0x61b8cc66f170 (11 bytes)
1787600766.025715 sending message 112 to peer 0x61b8cc66f170 (11 bytes)
1787600766.025722 sending message 112 to peer 0x61b8cc66f170 (12 bytes)
1787600766.025728 sending message 112 to peer 0x61b8cc66f170 (12 bytes)
1787600766.025734 sending message 112 to peer 0x61b8cc66f170 (12 bytes)
1787600766.025741 sending message 112 to peer 0x61b8cc66f170 (12 bytes)
1787600766.025747 sending message 112 to peer 0x61b8cc66f170 (12 bytes)
1787600766.025754 sending message 112 to peer 0x61b8cc66f170 (11 bytes)
1787600766.025760 sending message 112 to peer 0x61b8cc66f170 (12 bytes)
1787600766.025767 sending message 112 to peer 0x61b8cc66f170 (12 bytes)
1787600766.025773 sending message 112 to peer 0x61b8cc66f170 (13 bytes)
1787600766.025780 sending message 112 to peer 0x61b8cc66f170 (13 bytes)
1787600766.025786 sending message 112 to peer 0x61b8cc66f170 (13 bytes)
1787600766.025793 sending message 112 to peer 0x61b8cc66f170 (13 bytes)
1787600766.025799 sending message 112 to peer 0x61b8cc66f170 (13 bytes)
1787600766.025805 sending message 112 to peer 0x61b8cc66f170 (10 bytes)
1787600766.025812 sending message 112 to peer 0x61b8cc66f170 (9 bytes)
1787600766.025818 sending message 112 to peer 0x61b8cc66f170 (12 bytes)
1787600766.025825 sending message 112 to peer 0x61b8cc66f170 (13 bytes)
1787600766.025831 sending message 112 to peer 0x61b8cc66f170 (13 bytes)
1787600766.025837 sending message 112 to peer 0x61b8cc66f170 (13 bytes)
1787600766.025844 sending message 112 to peer 0x61b8cc66f170 (13 bytes)
1787600766.025860 sending message 112 to peer 0x61b8cc66f170 (13 bytes)
1787600766.025866 sending message 112 to peer 0x61b8cc66f170 (9 bytes)
1787600766.025873 sending message 112 to peer 0x61b8cc66f170 (12 bytes)
1787600766.025879 sending message 112 to peer 0x61b8cc66f170 (13 bytes)
1787600766.025886 sending message 112 to peer 0x61b8cc66f170 (13 bytes)
1787600766.025893 sending message 112 to peer 0x61b8cc66f170 (13 bytes)
1787600766.025900 sending message 112 to peer 0x61b8cc66f170 (13 bytes)
1787600766.025906 sending message 112 to peer 0x61b8cc66f170 (13 bytes)
1787600766.025912 sending message 112 to peer 0x61b8cc66f170 (11 bytes)
1787600766.025918 sending message 112 to peer 0x61b8cc66f170 (12 bytes)
1787600766.025925 sending message 112 to peer 0x61b8cc66f170 (13 bytes)
1787600766.025931 sending message 112 to peer 0x61b8cc66f170 (13 bytes)
1787600766.025938 sending message 112 to peer 0x61b8cc66f170 (13 bytes)
1787600766.025944 sending message 112 to peer 0x61b8cc66f170 (13 bytes)
1787600766.025951 sending message 112 to peer 0x61b8cc66f170 (13 bytes)
1787600766.025957 sending message 112 to peer 0x61b8cc66f170 (11 bytes)
1787600766.025963 sending message 112 to peer 0x61b8cc66f170 (12 bytes)
1787600766.025969 sending message 112 to peer 0x61b8cc66f170 (12 bytes)
1787600766.025976 sending message 112 to peer 0x61b8cc66f170 (12 bytes)
1787600766.025982 sending message 112 to peer 0x61b8cc66f170 (12 bytes)
1787600766.025989 sending message 112 to peer 0x61b8cc66f170 (12 bytes)
1787600766.025995 sending message 112 to peer 0x61b8cc66f170 (21 bytes)
1787600766.026002 sending message 112 to peer 0x61b8cc66f170 (12 bytes)
1787600766.026026 sending message 112 to peer 0x61b8cc66f170 (9 bytes)
1787600766.026033 sending message 112 to peer 0x61b8cc66f170 (6 bytes)
1787600766.026039 sending message 112 to peer 0x61b8cc66f170 (13 bytes)
1787600766.026046 sending message 112 to peer 0x61b8cc66f170 (8 bytes)
1787600766.026052 sending message 112 to peer 0x61b8cc66f170 (15 bytes)
1787600766.026059 sending message 112 to peer 0x61b8cc66f170 (13 bytes)
1787600766.026066 sending message 112 to peer 0x61b8cc66f170 (9 bytes)
1787600766.026073 sending message 112 to peer 0x61b8cc66f170 (70 bytes)
1787600766.026079 sending message 112 to peer 0x61b8cc66f170 (69 bytes)
1787600766.026086 sending message 112 to peer 0x61b8cc66f170 (10 bytes)
1787600766.026092 sending message 112 to peer 0x61b8cc66f170 (10 bytes)
1787600766.026099 sending message 112 to peer 0x61b8cc66f170 (8 bytes)
1787600766.026105 sending message 112 to peer 0x61b8cc66f170 (15 bytes)
1787600766.026112 sending message 112 to peer 0x61b8cc66f170 (13 bytes)
1787600766.026118 sending message 112 to peer 0x61b8cc66f170 (10 bytes)
1787600766.026125 sending message 112 to peer 0x61b8cc66f170 (10 bytes)
1787600766.026131 sending message 112 to peer 0x61b8cc66f170 (17 bytes)
1787600766.026158 sending message 112 to peer 0x61b8cc66f170 (10 bytes)
1787600766.026165 sending message 112 to peer 0x61b8cc66f170 (13 bytes)
1787600766.026171 sending message 112 to peer 0x61b8cc66f170 (9 bytes)
1787600766.026177 sending message 112 to peer 0x61b8cc66f170 (5 bytes)
1787600766.026185 sending message 112 to peer 0x61b8cc66f170 (15 bytes)
1787600766.026193 sending message 104 to peer 0x61b8cc66f170 (0 bytes)
1787600766.026201 sending message 110 to peer 0x61b8cc66f170 (0 bytes)
1787600766.026209 sending message 107 to peer 0x61b8cc66f170 (4 bytes)
1787600766.026216 sending message 105 to peer 0x61b8cc66f170 (17 bytes)
1787600766.026223 sending message 105 to peer 0x61b8cc66f170 (11 bytes)
1787600766.026229 sending message 105 to peer 0x61b8cc66f170 (70 bytes)
1787600766.026236 sending message 105 to peer 0x61b8cc66f170 (90 bytes)
1787600766.026243 sending message 105 to peer 0x61b8cc66f170 (264 bytes)
1787600766.026250 sending message 105 to peer 0x61b8cc66f170 (28 bytes)
1787600766.026257 sending message 105 to peer 0x61b8cc66f170 (15 bytes)
1787600766.026264 sending message 105 to peer 0x61b8cc66f170 (11 bytes)
1787600766.026271 sending message 105 to peer 0x61b8cc66f170 (15 bytes)
1787600766.026285 sending message 105 to peer 0x61b8cc66f170 (425 bytes)
1787600766.026293 sending message 105 to peer 0x61b8cc66f170 (112 bytes)
1787600766.026300 sending message 105 to peer 0x61b8cc66f170 (23 bytes)
1787600766.026308 sending message 105 to peer 0x61b8cc66f170 (705 bytes)
1787600766.026315 sending message 105 to peer 0x61b8cc66f170 (47 bytes)
1787600766.026322 sending message 105 to peer 0x61b8cc66f170 (541 bytes)
1787600766.026329 sending message 105 to peer 0x61b8cc66f170 (173 bytes)
1787600766.026335 sending message 105 to peer 0x61b8cc66f170 (18 bytes)
1787600766.026343 sending message 105 to peer 0x61b8cc66f170 (43 bytes)
1787600766.026350 sending message 105 to peer 0x61b8cc66f170 (41 bytes)
1787600766.026357 sending message 105 to peer 0x61b8cc66f170 (233 bytes)
1787600766.026363 sending message 105 to peer 0x61b8cc66f170 (12 bytes)
1787600766.026370 sending message 105 to peer 0x61b8cc66f170 (11 bytes)
1787600766.026376 sending message 105 to peer 0x61b8cc66f170 (18 bytes)
1787600766.026383 sending message 105 to peer 0x61b8cc66f170 (31 bytes)
1787600766.026390 sending message 105 to peer 0x61b8cc66f170 (59 bytes)
1787600766.026397 sending message 105 to peer 0x61b8cc66f170 (35 bytes)
1787600766.026404 sending message 105 to peer 0x61b8cc66f170 (12 bytes)
1787600766.026410 sending message 105 to peer 0x61b8cc66f170 (54 bytes)
1787600766.026417 sending message 105 to peer 0x61b8cc66f170 (34 bytes)
1787600766.026427 sending message 105 to peer 0x61b8cc66f170 (12 bytes)
1787600766.026438 sending message 105 to peer 0x61b8cc66f170 (64 bytes)
1787600766.026448 sending message 105 to peer 0x61b8cc66f170 (221 bytes)
1787600766.026459 sending message 105 to peer 0x61b8cc66f170 (20 bytes)
1787600766.026470 sending message 105 to peer 0x61b8cc66f170 (18 bytes)
1787600766.026481 sending message 105 to peer 0x61b8cc66f170 (21 bytes)
1787600766.026492 sending message 105 to peer 0x61b8cc66f170 (17 bytes)
1787600766.026503 sending message 105 to peer 0x61b8cc66f170 (20 bytes)
1787600766.026514 sending message 105 to peer 0x61b8cc66f170 (38 bytes)
1787600766.026550 sending message 105 to peer 0x61b8cc66f170 (19 bytes)
1787600766.026563 sending message 105 to peer 0x61b8cc66f170 (8 bytes)
1787600766.026576 sending message 105 to peer 0x61b8cc66f170 (269 bytes)
1787600766.026588 sending message 105 to peer 0x61b8cc66f170 (17 bytes)
1787600766.026600 sending message 105 to peer 0x61b8cc66f170 (59 bytes)
1787600766.026612 sending message 105 to peer 0x61b8cc66f170 (14 bytes)
1787600766.026620 sending message 105 to peer 0x61b8cc66f170 (60 bytes)
1787600766.026626 sending message 105 to peer 0x61b8cc66f170 (72 bytes)
1787600766.026633 sending message 105 to peer 0x61b8cc66f170 (85 bytes)
1787600766.026640 sending message 105 to peer 0x61b8cc66f170 (20 bytes)
1787600766.026647 sending message 105 to peer 0x61b8cc66f170 (31 bytes)
1787600766.026654 sending message 105 to peer 0x61b8cc66f170 (425 bytes)
1787600766.026661 sending message 105 to peer 0x61b8cc66f170 (13 bytes)
1787600766.026668 sending message 105 to peer 0x61b8cc66f170 (22 bytes)
1787600766.026674 sending message 105 to peer 0x61b8cc66f170 (26 bytes)
1787600766.026681 sending message 105 to peer 0x61b8cc66f170 (18 bytes)
1787600766.026688 sending message 105 to peer 0x61b8cc66f170 (20 bytes)
1787600766.026694 sending message 105 to peer 0x61b8cc66f170 (27 bytes)
1787600766.026701 sending message 105 to peer 0x61b8cc66f170 (51 bytes)
1787600766.026708 sending message 105 to peer 0x61b8cc66f170 (26 bytes)
1787600766.026714 sending message 105 to peer 0x61b8cc66f170 (47 bytes)
1787600766.026721 sending message 105 to peer 0x61b8cc66f170 (38 bytes)
1787600766.026728 sending message 105 to peer 0x61b8cc66f170 (76 bytes)
1787600766.026734 sending message 105 to peer 0x61b8cc66f170 (28 bytes)
1787600766.026741 sending message 105 to peer 0x61b8cc66f170 (23 bytes)
1787600766.026747 sending message 105 to peer 0x61b8cc66f170 (35 bytes)
1787600766.026754 sending message 105 to peer 0x61b8cc66f170 (21 bytes)
1787600766.026761 sending message 105 to peer 0x61b8cc66f170 (104 bytes)
1787600766.026780 sending message 105 to peer 0x61b8cc66f170 (15 bytes)
1787600766.026787 sending message 105 to peer 0x61b8cc66f170 (51 bytes)
1787600766.026794 sending message 105 to peer 0x61b8cc66f170 (20 bytes)
1787600766.026802 sending message 105 to peer 0x61b8cc66f170 (19 bytes)
1787600766.026808 sending message 105 to peer 0x61b8cc66f170 (90 bytes)
1787600766.026815 sending message 105 to peer 0x61b8cc66f170 (25 bytes)
1787600766.026822 sending message 105 to peer 0x61b8cc66f170 (307 bytes)
1787600766.026830 sending message 106 to peer 0x61b8cc66f170 (0 bytes)
1787600766.027057 sending message 200 to peer 0x61b8cc66f170 (4 bytes)
1787600766.027065 client loop enter
1787600766.027958 peer 0x61b8cc66f170 message 303
1787600766.027989 open write file 2 -
1787600766.028032 sending message 305 to peer 0x61b8cc66f170 (8 bytes)
1787600766.028076 write check file 2
1787600766.028342 peer 0x61b8cc66f170 message 304
1787600766.028363 write 58 to file 2
1787600766.028426 peer 0x61b8cc66f170 message 203
1787600766.028456 file 2 58 bytes left
1787600766.028491 write check file 2
1787600766.028498 client loop exit
